// Jest Snapshot v1, https://goo.gl/fbAQLP

exports[`Test the Chum Component It renders correctly 1`] = `
<div
  className="chum"
>
  <form
    onSubmit={[Function]}
  >
    <div>
      <textarea
        cols="65"
        name="card"
        onChange={[Function]}
        rows="15"
        value=""
      />
      <br />
      <textarea
        cols="65"
        name="answer"
        onChange={[Function]}
        rows="15"
        value=""
      />
    </div>
    <br />
    <input
      name="name"
      type="hidden"
      value="submit"
    />
    <span>
      Category:
    </span>
    <input
      name="category"
      onChange={[Function]}
      type="text"
      value=""
    />
    <input
      id="submit"
      name="submit"
      type="submit"
      value="submit"
    />
  </form>
</div>
`;

exports[`Test the Home Component It renders correctly 1`] = `
<div
  className="home"
>
  <input
    className="home-button"
    key="Profile"
    onClick={[Function]}
    type="button"
    value="Profile"
  />
  <input
    className="home-button"
    key="Logout"
    onClick={[Function]}
    type="button"
    value="Logout"
  />
  <input
    className="home-button"
    key="Come Aboard"
    onClick={[Function]}
    type="button"
    value="Come Aboard"
  />
  <input
    className="home-button"
    key="Go to the Galley"
    onClick={[Function]}
    type="button"
    value="Go to the Galley"
  />
  <Connect(Home_UserInfo) />
  <br />
  <Connect(Home_Categories) />
  <br />
  <br />
  <Connect(Home_History) />
  <br />
  <div
    className="home-popup"
  >
    <div
      className="home-popup_content"
    >
      <div
        className="home-popup_header"
      >
        <span
          className="close"
        >
          ×
        </span>
        <h2 />
      </div>
      <div
        className="popup-body"
      >
        <img
          height="400px"
          id="popupnewbadge"
          width="230px"
        />
      </div>
    </div>
  </div>
</div>
`;
